// Jest Snapshot v1, https://goo.gl/fbAQLP

exports[`Testing en PrimeraApp debe de mostrar <PrimeraApp /> correctamente 1`] = `
<Fragment>
  <h1>
    Hola, soy un Titulo
  </h1>
  <p>
    Este es el subtitulo
  </p>
</Fragment>
`;
